// Jest Snapshot v1, https://goo.gl/fbAQLP

exports[`<TrackComponent /> should render and match the snapshot 1`] = `
<body>
  <div>
    <div
      class="MuiPaper-root MuiPaper-elevation MuiPaper-rounded MuiPaper-elevation1 MuiCard-root e1a3jrlg0 css-s4xvv6-MuiPaper-root-MuiCard-root"
      data-testid="track-component"
    >
      <div
        class="MuiBox-root css-j7qwjs"
      >
        <div
          class="MuiCardContent-root css-1qaznj3-MuiCardContent-root"
        >
          <div
            class="MuiTypography-root MuiTypography-h5 css-ag7rrr-MuiTypography-root"
          />
          <div
            class="MuiTypography-root MuiTypography-subtitle1 css-ecpxie-MuiTypography-root"
          />
        </div>
        <div
          class="MuiBox-root css-1ndgitk"
        >
          <button
            aria-label="play/pause"
            class="MuiButtonBase-root MuiIconButton-root MuiIconButton-sizeMedium css-78trlr-MuiButtonBase-root-MuiIconButton-root"
            tabindex="0"
            type="button"
          >
            <svg
              aria-hidden="true"
              class="MuiSvgIcon-root MuiSvgIcon-fontSizeMedium css-i4bv87-MuiSvgIcon-root"
              data-testid="PlayArrowIcon"
              focusable="false"
              viewBox="0 0 24 24"
            >
              <path
                d="M8 5v14l11-7z"
              />
            </svg>
            <span
              class="MuiTouchRipple-root css-8je8zh-MuiTouchRipple-root"
            />
          </button>
        </div>
      </div>
      <img
        class="MuiCardMedia-root MuiCardMedia-media MuiCardMedia-img css-1rorjgf-MuiCardMedia-root"
      />
    </div>
  </div>
</body>
`;
